exports[`Greeter says hello 1`] = `
<div>
  Hello
   
  <span>
    Marty
  </span>
</div>
`;

exports[`Greetings greets all people 1`] = `
<div>
  <ul>
    <Greeter
      name="Jane"
      salutation="Hello" />
    <Greeter
      name="Jill"
      salutation="Hello" />
    <Greeter
      name="Joey"
      salutation="Hello" />
  </ul>
</div>
`;
